# serializer version: 1
# name: test_render_document
  list([
    OpenSoftwareSwitches([0b11100001, 0b10100100]),
    CloseSoftwareSwitches([0b00001110, 0b00000000]),
    SetCRInsertion(False),
    SetPaperOutSensor(True),
    SetPitch(Pitch.ELITE),
    SetQuality(Quality.DRAFT, scribe_mode=False),
    SetLeftMargin(0),
    SetPageLength(1584),
    SetDistanceBetweenLines(24),
    ClearAllTabs(),
    <CR>,
    b'A',
    b' ',
    b'p',
    b'a',
    b'r',
    b'a',
    b'g',
    b'r',
    b'a',
    b'p',
    b'h',
    b' ',
    b'w',
    b'i',
    b't',
    b'h',
    b' ',
    StartBoldface(),
    b'e',
    b'm',
    b'p',
    b'h',
    b'a',
    b's',
    b'i',
    b'z',
    b'e',
    b'd',
    StopBoldface(),
    b' ',
    b'a',
    b'n',
    b'd',
    b' ',
    StartDoubleWidth(),
    StartBoldface(),
    b'b',
    b'o',
    b'l',
    b'd',
    StopBoldface(),
    StopDoubleWidth(),
    b' ',
    b't',
    b'e',
    b'x',
    b't',
    b',',
    b' ',
    SetColor(Color.GREEN),
    b'i',
    b'n',
    b'l',
    b'i',
    b'n',
    b'e',
    b' ',
    b'c',
    b'o',
    b'd',
    b'e',
    SetColor(Color.BLACK),
    b' ',
    b'a',
    b'n',
    b'd',
    b' ',
    b'a',
    b' ',
    SetColor(Color.PURPLE),
    b'l',
    b'i',
    b'n',
    b'k',
    SetColor(Color.BLACK),
    b'.',
    <CR>,
    <LF>,
    <CR>,
    <LF>,
    <CR>,
    <LF>,
    <CR>,
    <LF>,
    b'-',
    b'-',
    b'-',
    <CR>,
    <LF>,
    <CR>,
    <LF>,
    SetColor(Color.GREEN),
    b'f',
    b'o',
    b'o',
    b' ',
    b'=',
    b' ',
    b'1',
    SetColor(Color.BLACK),
    <CR>,
  ])
# ---
