# serializer version: 1
# name: test_attributes
  list([
    b'P',
    b'l',
    b'a',
    b'i',
    b'n',
    \r,
    \n,
    StartDoubleWidth(),
    b'D',
    b'o',
    b'u',
    b'b',
    b'l',
    b'e',
    b' ',
    b'w',
    b'i',
    b'd',
    b't',
    b'h',
    \r,
    \n,
    StopDoubleWidth(),
    StartUnderline(),
    b'U',
    b'n',
    b'd',
    b'e',
    b'r',
    b'l',
    b'i',
    b'n',
    b'e',
    b'd',
    \r,
    \n,
    StopUnderline(),
    StartBoldface(),
    b'B',
    b'o',
    b'l',
    b'd',
    b'f',
    b'a',
    b'c',
    b'e',
    \r,
    \n,
    StopBoldface(),
    StartHalfHeight(),
    b'H',
    b'a',
    b'l',
    b'f',
    b' ',
    b'h',
    b'e',
    b'i',
    b'g',
    b'h',
    b't',
    \r,
    \n,
    StopHalfHeight(),
    StartSuperscript(),
    b'S',
    b'u',
    b'p',
    b'e',
    b'r',
    b's',
    b'c',
    b'r',
    b'i',
    b'p',
    b't',
    \r,
    \n,
    StartSubscript(),
    b'S',
    b'u',
    b'b',
    b's',
    b'c',
    b'r',
    b'i',
    b'p',
    b't',
    \r,
    \n,
    StopSuperscriptOrSubscript(),
    PrintUnslashedZero(OPEN, [0b00000000, 0b10000000]),
    b'U',
    b'n',
    b's',
    b'l',
    b'a',
    b's',
    b'h',
    b'e',
    b'd',
    b' ',
    b'0',
    \r,
    \n,
    PrintSlashedZero(CLOSE, [0b00000000, 0b10000000]),
    b'S',
    b'l',
    b'a',
    b's',
    b'h',
    b'e',
    b'd',
    b' ',
    b'0',
    \r,
    \n,
    \r,
  ])
# ---
