# serializer version: 1
# name: test_render
  list([
    OpenSoftwareSwitches([0b11100001, 0b10100100]),
    CloseSoftwareSwitches([0b00001110, 0b00000000]),
    SetCRInsertion(False),
    SetPaperOutSensor(True),
    SetPitch(Pitch.ELITE),
    SetQuality(Quality.DRAFT, scribe_mode=False),
    SetLeftMargin(0),
    SetPageLength(1584),
    SetDistanceBetweenLines(24),
    ClearAllTabs(),
    <CR>,
    SetQuality(Quality.NEAR_LETTER_QUALITY, scribe_mode=False),
    StartBoldface(),
    StartDoubleWidth(),
    b'#',
    b' ',
    b'T',
    b'e',
    b's',
    b't',
    b' ',
    b'P',
    b'a',
    b'g',
    b'e',
    StopDoubleWidth(),
    StopBoldface(),
    <CR>,
    <LF>,
    <CR>,
    <LF>,
    StartBoldface(),
    StartDoubleWidth(),
    b'#',
    b' ',
    b'L',
    b'a',
    b'n',
    b'g',
    b'u',
    b'a',
    b'g',
    b'e',
    StopDoubleWidth(),
    StopBoldface(),
    <CR>,
    <LF>,
    <CR>,
    <LF>,
    StartBoldface(),
    b'A',
    b'm',
    b'e',
    b'r',
    b'i',
    b'c',
    b'a',
    b'n',
    b':',
    StopBoldface(),
    b' ',
    b'#',
    b'$',
    b'@',
    b'`',
    b'\\',
    b'|',
    b'~',
    b'[',
    b']',
    b'(',
    b')',
    <CR>,
    <LF>,
    StartBoldface(),
    b' ',
    b'B',
    b'r',
    b'i',
    b't',
    b'i',
    b's',
    b'h',
    b':',
    StopBoldface(),
    b' ',
    b'#',
    b'$',
    b'@',
    b'`',
    b'\\',
    b'|',
    b'~',
    b'[',
    b']',
    b'(',
    b')',
    <CR>,
    <LF>,
    StartBoldface(),
    b' ',
    b' ',
    b'G',
    b'e',
    b'r',
    b'm',
    b'a',
    b'n',
    b':',
    StopBoldface(),
    b' ',
    b'#',
    b'$',
    b'@',
    b'`',
    b'\\',
    b'|',
    b'~',
    b'[',
    b']',
    b'(',
    b')',
    <CR>,
    <LF>,
    StartBoldface(),
    b' ',
    b' ',
    b'F',
    b'r',
    b'e',
    b'n',
    b'c',
    b'h',
    b':',
    StopBoldface(),
    b' ',
    b'#',
    b'$',
    b'@',
    b'`',
    b'\\',
    b'|',
    b'~',
    b'[',
    b']',
    b'(',
    b')',
    <CR>,
    <LF>,
    StartBoldface(),
    b' ',
    b'S',
    b'w',
    b'e',
    b'd',
    b'i',
    b's',
    b'h',
    b':',
    StopBoldface(),
    b' ',
    b'#',
    b'$',
    b'@',
    b'`',
    b'\\',
    b'|',
    b'~',
    b'[',
    b']',
    b'(',
    b')',
    <CR>,
    <LF>,
    StartBoldface(),
    b' ',
    b'I',
    b't',
    b'a',
    b'l',
    b'i',
    b'a',
    b'n',
    b':',
    StopBoldface(),
    b' ',
    b'#',
    b'$',
    b'@',
    b'`',
    b'\\',
    b'|',
    b'~',
    b'[',
    b']',
    b'(',
    b')',
    <CR>,
    <LF>,
    StartBoldface(),
    b' ',
    b'S',
    b'p',
    b'a',
    b'n',
    b'i',
    b's',
    b'h',
    b':',
    StopBoldface(),
    b' ',
    b'#',
    b'$',
    b'@',
    b'`',
    b'\\',
    b'|',
    b'~',
    b'[',
    b']',
    b'(',
    b')',
    <CR>,
    <LF>,
    StartBoldface(),
    b' ',
    b' ',
    b'D',
    b'a',
    b'n',
    b'i',
    b's',
    b'h',
    b':',
    StopBoldface(),
    b' ',
    b'#',
    b'$',
    b'@',
    b'`',
    b'\\',
    b'|',
    b'~',
    b'[',
    b']',
    b'(',
    b')',
    <CR>,
    <LF>,
    StartBoldface(),
    StartDoubleWidth(),
    b'#',
    b' ',
    b'P',
    b'i',
    b't',
    b'c',
    b'h',
    StopDoubleWidth(),
    StopBoldface(),
    <CR>,
    <LF>,
    <CR>,
    <LF>,
    StartBoldface(),
    b' ',
    b' ',
    b' ',
    b' ',
    b' ',
    b' ',
    b' ',
    b' ',
    b' ',
    b' ',
    b' ',
    b' ',
    b'E',
    b'x',
    b't',
    b'e',
    b'n',
    b'd',
    b'e',
    b'd',
    b':',
    StopBoldface(),
    b' ',
    b'A',
    b' ',
    b'q',
    b'u',
    b'i',
    b'c',
    b'k',
    b' ',
    b'b',
    b'r',
    b'o',
    b'w',
    b'n',
    b' ',
    b'f',
    b'o',
    b'x',
    b' ',
    b'j',
    b'u',
    b'm',
    b'p',
    b'e',
    b'd',
    b' ',
    b'o',
    b'v',
    b'e',
    b'r',
    b' ',
    b't',
    b'h',
    b'e',
    b' ',
    b'l',
    b'a',
    b'z',
    b'y',
    b' ',
    b'd',
    b'o',
    b'g',
    <CR>,
    <LF>,
    StartBoldface(),
    b' ',
    b' ',
    b' ',
    b' ',
    b' ',
    b' ',
    b' ',
    b' ',
    b' ',
    b' ',
    b' ',
    b' ',
    b' ',
    b' ',
    b' ',
    b' ',
    b'P',
    b'i',
    b'c',
    b'a',
    b':',
    StopBoldface(),
    b' ',
    b'A',
    b' ',
    b'q',
    b'u',
    b'i',
    b'c',
    b'k',
    b' ',
    b'b',
    b'r',
    b'o',
    b'w',
    b'n',
    b' ',
    b'f',
    b'o',
    b'x',
    b' ',
    b'j',
    b'u',
    b'm',
    b'p',
    b'e',
    b'd',
    b' ',
    b'o',
    b'v',
    b'e',
    b'r',
    b' ',
    b't',
    b'h',
    b'e',
    b' ',
    b'l',
    b'a',
    b'z',
    b'y',
    b' ',
    b'd',
    b'o',
    b'g',
    <CR>,
    <LF>,
    StartBoldface(),
    b' ',
    b' ',
    b' ',
    b' ',
    b' ',
    b' ',
    b' ',
    b' ',
    b' ',
    b' ',
    b' ',
    b' ',
    b' ',
    b' ',
    b' ',
    b'E',
    b'l',
    b'i',
    b't',
    b'e',
    b':',
    StopBoldface(),
    b' ',
    b'A',
    b' ',
    b'q',
    b'u',
    b'i',
    b'c',
    b'k',
    b' ',
    b'b',
    b'r',
    b'o',
    b'w',
    b'n',
    b' ',
    b'f',
    b'o',
    b'x',
    b' ',
    b'j',
    b'u',
    b'm',
    b'p',
    b'e',
    b'd',
    b' ',
    b'o',
    b'v',
    b'e',
    b'r',
    b' ',
    b't',
    b'h',
    b'e',
    b' ',
    b'l',
    b'a',
    b'z',
    b'y',
    b' ',
    b'd',
    b'o',
    b'g',
    <CR>,
    <LF>,
    StartBoldface(),
    b' ',
    b' ',
    b' ',
    b' ',
    b' ',
    b' ',
    b' ',
    b'S',
    b'e',
    b'm',
    b'i',
    b'c',
    b'o',
    b'n',
    b'd',
    b'e',
    b'n',
    b's',
    b'e',
    b'd',
    b':',
    StopBoldface(),
    b' ',
    b'A',
    b' ',
    b'q',
    b'u',
    b'i',
    b'c',
    b'k',
    b' ',
    b'b',
    b'r',
    b'o',
    b'w',
    b'n',
    b' ',
    b'f',
    b'o',
    b'x',
    b' ',
    b'j',
    b'u',
    b'm',
    b'p',
    b'e',
    b'd',
    b' ',
    b'o',
    b'v',
    b'e',
    b'r',
    b' ',
    b't',
    b'h',
    b'e',
    b' ',
    b'l',
    b'a',
    b'z',
    b'y',
    b' ',
    b'd',
    b'o',
    b'g',
    <CR>,
    <LF>,
    StartBoldface(),
    b' ',
    b' ',
    b' ',
    b' ',
    b' ',
    b' ',
    b' ',
    b' ',
    b' ',
    b' ',
    b' ',
    b'C',
    b'o',
    b'n',
    b'd',
    b'e',
    b'n',
    b's',
    b'e',
    b'd',
    b':',
    StopBoldface(),
    b' ',
    b'A',
    b' ',
    b'q',
    b'u',
    b'i',
    b'c',
    b'k',
    b' ',
    b'b',
    b'r',
    b'o',
    b'w',
    b'n',
    b' ',
    b'f',
    b'o',
    b'x',
    b' ',
    b'j',
    b'u',
    b'm',
    b'p',
    b'e',
    b'd',
    b' ',
    b'o',
    b'v',
    b'e',
    b'r',
    b' ',
    b't',
    b'h',
    b'e',
    b' ',
    b'l',
    b'a',
    b'z',
    b'y',
    b' ',
    b'd',
    b'o',
    b'g',
    <CR>,
    <LF>,
    StartBoldface(),
    b' ',
    b' ',
    b' ',
    b' ',
    b' ',
    b' ',
    b'U',
    b'l',
    b't',
    b'r',
    b'a',
    b'c',
    b'o',
    b'n',
    b'd',
    b'e',
    b'n',
    b's',
    b'e',
    b'd',
    b':',
    StopBoldface(),
    b' ',
    b'A',
    b' ',
    b'q',
    b'u',
    b'i',
    b'c',
    b'k',
    b' ',
    b'b',
    b'r',
    b'o',
    b'w',
    b'n',
    b' ',
    b'f',
    b'o',
    b'x',
    b' ',
    b'j',
    b'u',
    b'm',
    b'p',
    b'e',
    b'd',
    b' ',
    b'o',
    b'v',
    b'e',
    b'r',
    b' ',
    b't',
    b'h',
    b'e',
    b' ',
    b'l',
    b'a',
    b'z',
    b'y',
    b' ',
    b'd',
    b'o',
    b'g',
    <CR>,
    <LF>,
    StartBoldface(),
    b' ',
    b'P',
    b'i',
    b'c',
    b'a',
    b' ',
    b'(',
    b'P',
    b'r',
    b'o',
    b'p',
    b'o',
    b'r',
    b't',
    b'i',
    b'o',
    b'n',
    b'a',
    b'l',
    b')',
    b':',
    StopBoldface(),
    b' ',
    b'A',
    b' ',
    b'q',
    b'u',
    b'i',
    b'c',
    b'k',
    b' ',
    b'b',
    b'r',
    b'o',
    b'w',
    b'n',
    b' ',
    b'f',
    b'o',
    b'x',
    b' ',
    b'j',
    b'u',
    b'm',
    b'p',
    b'e',
    b'd',
    b' ',
    b'o',
    b'v',
    b'e',
    b'r',
    b' ',
    b't',
    b'h',
    b'e',
    b' ',
    b'l',
    b'a',
    b'z',
    b'y',
    b' ',
    b'd',
    b'o',
    b'g',
    <CR>,
    <LF>,
    StartBoldface(),
    b'E',
    b'l',
    b'i',
    b't',
    b'e',
    b' ',
    b'(',
    b'P',
    b'r',
    b'o',
    b'p',
    b'o',
    b'r',
    b't',
    b'i',
    b'o',
    b'n',
    b'a',
    b'l',
    b')',
    b':',
    StopBoldface(),
    b' ',
    b'A',
    b' ',
    b'q',
    b'u',
    b'i',
    b'c',
    b'k',
    b' ',
    b'b',
    b'r',
    b'o',
    b'w',
    b'n',
    b' ',
    b'f',
    b'o',
    b'x',
    b' ',
    b'j',
    b'u',
    b'm',
    b'p',
    b'e',
    b'd',
    b' ',
    b'o',
    b'v',
    b'e',
    b'r',
    b' ',
    b't',
    b'h',
    b'e',
    b' ',
    b'l',
    b'a',
    b'z',
    b'y',
    b' ',
    b'd',
    b'o',
    b'g',
    <CR>,
    <LF>,
    StartBoldface(),
    StartDoubleWidth(),
    b'#',
    b' ',
    b'Q',
    b'u',
    b'a',
    b'l',
    b'i',
    b't',
    b'y',
    StopDoubleWidth(),
    StopBoldface(),
    <CR>,
    <LF>,
    <CR>,
    <LF>,
    SetQuality(Quality.DRAFT, scribe_mode=False),
    StartBoldface(),
    b' ',
    b' ',
    b' ',
    b' ',
    b' ',
    b' ',
    b' ',
    b' ',
    b' ',
    b' ',
    b' ',
    b' ',
    b' ',
    b' ',
    b'd',
    b'r',
    b'a',
    b'f',
    b't',
    b':',
    StopBoldface(),
    b' ',
    b'A',
    b' ',
    b'q',
    b'u',
    b'i',
    b'c',
    b'k',
    b' ',
    b'b',
    b'r',
    b'o',
    b'w',
    b'n',
    b' ',
    b'f',
    b'o',
    b'x',
    b' ',
    b'j',
    b'u',
    b'm',
    b'p',
    b'e',
    b'd',
    b' ',
    b'o',
    b'v',
    b'e',
    b'r',
    b' ',
    b't',
    b'h',
    b'e',
    b' ',
    b'l',
    b'a',
    b'z',
    b'y',
    b' ',
    b'd',
    b'o',
    b'g',
    SetQuality(Quality.DRAFT, scribe_mode=False),
    <CR>,
    <LF>,
    SetQuality(Quality.CORRESPONDENCE, scribe_mode=False),
    StartBoldface(),
    b' ',
    b' ',
    b' ',
    b' ',
    b' ',
    b'c',
    b'o',
    b'r',
    b'r',
    b'e',
    b's',
    b'p',
    b'o',
    b'n',
    b'd',
    b'e',
    b'n',
    b'c',
    b'e',
    b':',
    StopBoldface(),
    b' ',
    b'A',
    b' ',
    b'q',
    b'u',
    b'i',
    b'c',
    b'k',
    b' ',
    b'b',
    b'r',
    b'o',
    b'w',
    b'n',
    b' ',
    b'f',
    b'o',
    b'x',
    b' ',
    b'j',
    b'u',
    b'm',
    b'p',
    b'e',
    b'd',
    b' ',
    b'o',
    b'v',
    b'e',
    b'r',
    b' ',
    b't',
    b'h',
    b'e',
    b' ',
    b'l',
    b'a',
    b'z',
    b'y',
    b' ',
    b'd',
    b'o',
    b'g',
    SetQuality(Quality.DRAFT, scribe_mode=False),
    <CR>,
    <LF>,
    SetQuality(Quality.NEAR_LETTER_QUALITY, scribe_mode=False),
    StartBoldface(),
    b'n',
    b'e',
    b'a',
    b'r',
    b' ',
    b'l',
    b'e',
    b't',
    b't',
    b'e',
    b'r',
    b' ',
    b'q',
    b'u',
    b'a',
    b'l',
    b'i',
    b't',
    b'y',
    b':',
    StopBoldface(),
    b' ',
    b'A',
    b' ',
    b'q',
    b'u',
    b'i',
    b'c',
    b'k',
    b' ',
    b'b',
    b'r',
    b'o',
    b'w',
    b'n',
    b' ',
    b'f',
    b'o',
    b'x',
    b' ',
    b'j',
    b'u',
    b'm',
    b'p',
    b'e',
    b'd',
    b' ',
    b'o',
    b'v',
    b'e',
    b'r',
    b' ',
    b't',
    b'h',
    b'e',
    b' ',
    b'l',
    b'a',
    b'z',
    b'y',
    b' ',
    b'd',
    b'o',
    b'g',
    SetQuality(Quality.DRAFT, scribe_mode=False),
    <CR>,
    <LF>,
    StartBoldface(),
    StartDoubleWidth(),
    b'#',
    b' ',
    b'M',
    b'o',
    b'u',
    b's',
    b'e',
    b'T',
    b'e',
    b'x',
    b't',
    StopDoubleWidth(),
    StopBoldface(),
    <CR>,
    <LF>,
    <CR>,
    <LF>,
    b'\xc0',
    <CR>,
    <LF>,
    b'\xc1',
    <CR>,
    <LF>,
    b'\xc2',
    <CR>,
    <LF>,
    b'\xc3',
    <CR>,
    <LF>,
    b'\xc4',
    <CR>,
    <LF>,
    b'\xc5',
    <CR>,
    <LF>,
    b'\xc6',
    <CR>,
    <LF>,
    b'\xc7',
    <CR>,
    <LF>,
    b'\xc8',
    <CR>,
    <LF>,
    b'\xc9',
    <CR>,
    <LF>,
    b'\xca',
    <CR>,
    <LF>,
    b'\xcb',
    <CR>,
    <LF>,
    b'\xcc',
    <CR>,
    <LF>,
    b'\xcd',
    <CR>,
    <LF>,
    b'\xce',
    <CR>,
    <LF>,
    b'\xcf',
    <CR>,
    <LF>,
    b'\xd0',
    <CR>,
    <LF>,
    b'\xd1',
    <CR>,
    <LF>,
    b'\xd2',
    <CR>,
    <LF>,
    b'\xd3',
    <CR>,
    <LF>,
    b'\xd4',
    <CR>,
    <LF>,
    b'\xd5',
    <CR>,
    <LF>,
    b'\xd6',
    <CR>,
    <LF>,
    b'\xd7',
    <CR>,
    <LF>,
    b'\xd8',
    <CR>,
    <LF>,
    b'\xd9',
    <CR>,
    <LF>,
    b'\xda',
    <CR>,
    <LF>,
    b'\xdb',
    <CR>,
    <LF>,
    b'\xdc',
    <CR>,
    <LF>,
    b'\xdd',
    <CR>,
    <LF>,
    b'\xde',
    <CR>,
    <LF>,
    b'\xdf',
    <CR>,
    <LF>,
    SetQuality(Quality.DRAFT, scribe_mode=False),
    FormFeed(),
    <CR>,
  ])
# ---
