# serializer version: 1
# name: test_pandoc_markdown
  Document(
    blocks=list([
      Header(
        attr=Attr(
          classes=list([
          ]),
          identifier='header-1',
          pairs=list([
          ]),
        ),
        contents=list([
          Str(
            contents='Header',
          ),
          Space(
          ),
          Str(
            contents='1',
          ),
        ]),
        level=1,
      ),
      Header(
        attr=Attr(
          classes=list([
          ]),
          identifier='header-2',
          pairs=list([
          ]),
        ),
        contents=list([
          Str(
            contents='Header',
          ),
          Space(
          ),
          Str(
            contents='2',
          ),
        ]),
        level=2,
      ),
      Header(
        attr=Attr(
          classes=list([
          ]),
          identifier='header-3',
          pairs=list([
          ]),
        ),
        contents=list([
          Str(
            contents='Header',
          ),
          Space(
          ),
          Str(
            contents='3',
          ),
        ]),
        level=3,
      ),
      Header(
        attr=Attr(
          classes=list([
          ]),
          identifier='header-4',
          pairs=list([
          ]),
        ),
        contents=list([
          Str(
            contents='Header',
          ),
          Space(
          ),
          Str(
            contents='4',
          ),
        ]),
        level=4,
      ),
      Para(
        contents=list([
          Str(
            contents='A',
          ),
          Space(
          ),
          Str(
            contents='paragraph',
          ),
          Space(
          ),
          Str(
            contents='with',
          ),
          Space(
          ),
          Emph(
            contents=list([
              Str(
                contents='emphasized',
              ),
            ]),
          ),
          Space(
          ),
          Str(
            contents='and',
          ),
          Space(
          ),
          Strong(
            contents=list([
              Str(
                contents='bold',
              ),
            ]),
          ),
          Space(
          ),
          Str(
            contents='text,',
          ),
          Space(
          ),
          Code(
            attr=Attr(
              classes=list([
              ]),
              identifier='',
              pairs=list([
              ]),
            ),
            contents='inline code',
          ),
          Space(
          ),
          Str(
            contents='and',
          ),
          Space(
          ),
          Str(
            contents='a',
          ),
          Space(
          ),
          Link(
            alt_text=list([
              Str(
                contents='link',
              ),
            ]),
            attr=Attr(
              classes=list([
              ]),
              identifier='',
              pairs=list([
              ]),
            ),
            target=Target(
              title='',
              url='https://google.com',
            ),
          ),
          Str(
            contents='.',
          ),
        ]),
      ),
      HorizontalRule(
      ),
      BlockQuote(
        contents=list([
          Para(
            contents=list([
              Str(
                contents='A',
              ),
              Space(
              ),
              Emph(
                contents=list([
                  Str(
                    contents='quote',
                  ),
                ]),
              ),
              SoftBreak(
              ),
              Str(
                contents='With',
              ),
              Space(
              ),
              Strong(
                contents=list([
                  Str(
                    contents='bold',
                  ),
                ]),
              ),
              Space(
              ),
              Str(
                contents='text',
              ),
            ]),
          ),
        ]),
      ),
      CodeBlock(
        attr=Attr(
          classes=list([
            'python',
          ]),
          identifier='',
          pairs=list([
          ]),
        ),
        contents='foo = 1',
      ),
      BulletList(
        items=list([
          list([
            Plain(
              contents=list([
                Str(
                  contents='Item',
                ),
                Space(
                ),
                Str(
                  contents='1',
                ),
              ]),
            ),
          ]),
          list([
            Plain(
              contents=list([
                Str(
                  contents='Item',
                ),
                Space(
                ),
                Str(
                  contents='2',
                ),
              ]),
            ),
          ]),
        ]),
      ),
      OrderedList(
        attrs=ListAttributes(
          delimiter='Period',
          start=1,
          style='Decimal',
        ),
        items=list([
          list([
            Plain(
              contents=list([
                Str(
                  contents='Item',
                ),
                Space(
                ),
                Str(
                  contents='1',
                ),
              ]),
            ),
          ]),
          list([
            Plain(
              contents=list([
                Str(
                  contents='Item',
                ),
                Space(
                ),
                Str(
                  contents='2',
                ),
              ]),
            ),
          ]),
        ]),
      ),
      Table(
        attr=Attr(
          classes=list([
          ]),
          identifier='',
          pairs=list([
          ]),
        ),
        body=list([
          TableBody(
            attr=Attr(
              classes=list([
              ]),
              identifier='',
              pairs=list([
              ]),
            ),
            body=list([
              Row(
                attr=Attr(
                  classes=list([
                  ]),
                  identifier='',
                  pairs=list([
                  ]),
                ),
                contents=list([
                  Cell(
                    alignment='AlignDefault',
                    attr=Attr(
                      classes=list([
                      ]),
                      identifier='',
                      pairs=list([
                      ]),
                    ),
                    column_span=1,
                    contents=list([
                      Plain(
                        contents=list([
                          Str(
                            contents='A1',
                          ),
                        ]),
                      ),
                    ]),
                    row_span=1,
                  ),
                  Cell(
                    alignment='AlignDefault',
                    attr=Attr(
                      classes=list([
                      ]),
                      identifier='',
                      pairs=list([
                      ]),
                    ),
                    column_span=1,
                    contents=list([
                      Plain(
                        contents=list([
                          Str(
                            contents='A2',
                          ),
                        ]),
                      ),
                    ]),
                    row_span=1,
                  ),
                ]),
              ),
            ]),
            row_header=list([
            ]),
            row_header_columns=0,
          ),
        ]),
        caption=Caption(
          contents=list([
          ]),
          short=None,
        ),
        columns=list([
          ColSpec(
            alignment='AlignDefault',
            width=None,
          ),
          ColSpec(
            alignment='AlignDefault',
            width=None,
          ),
        ]),
        footer=TableFoot(
          attr=Attr(
            classes=list([
            ]),
            identifier='',
            pairs=list([
            ]),
          ),
          rows=list([
          ]),
        ),
        header=TableHead(
          attr=Attr(
            classes=list([
            ]),
            identifier='',
            pairs=list([
            ]),
          ),
          rows=list([
            Row(
              attr=Attr(
                classes=list([
                ]),
                identifier='',
                pairs=list([
                ]),
              ),
              contents=list([
                Cell(
                  alignment='AlignDefault',
                  attr=Attr(
                    classes=list([
                    ]),
                    identifier='',
                    pairs=list([
                    ]),
                  ),
                  column_span=1,
                  contents=list([
                    Plain(
                      contents=list([
                        Str(
                          contents='Column',
                        ),
                        Space(
                        ),
                        Str(
                          contents='A',
                        ),
                      ]),
                    ),
                  ]),
                  row_span=1,
                ),
                Cell(
                  alignment='AlignDefault',
                  attr=Attr(
                    classes=list([
                    ]),
                    identifier='',
                    pairs=list([
                    ]),
                  ),
                  column_span=1,
                  contents=list([
                    Plain(
                      contents=list([
                        Str(
                          contents='Column',
                        ),
                        Space(
                        ),
                        Str(
                          contents='B',
                        ),
                      ]),
                    ),
                  ]),
                  row_span=1,
                ),
              ]),
            ),
          ]),
        ),
      ),
    ]),
    meta=dict({
    }),
    pandoc_api_version=list([
      1,
      23,
      1,
    ]),
  )
# ---
